
tcfail079.hs:9:19: error:
    • A newtype must have an argument of kind *
      Perhaps you intended to use UnliftedNewtypes
    • In the definition of data constructor ‘Unboxed’
      In the newtype declaration for ‘Unboxed’
