options currently set: none.
base language is: Haskell2010
with the following modifiers:
  -XBangPatterns
  -XBinaryLiterals
  -XNoCUSKs
  -XConstrainedClassMethods
  -XConstraintKinds
  -XNoDatatypeContexts
  -XDeriveDataTypeable
  -XDeriveFoldable
  -XDeriveFunctor
  -XDeriveGeneric
  -XDeriveLift
  -XDeriveTraversable
  -XEmptyCase
  -XEmptyDataDeriving
  -XExistentialQuantification
  -XExplicitForAll
  -XFlexibleContexts
  -XFlexibleInstances
  -XGADTSyntax
  -XGeneralizedNewtypeDeriving
  -XGeneralisedNewtypeDeriving
  -XImportQualifiedPost
  -XInstanceSigs
  -XKindSignatures
  -XMultiParamTypeClasses
  -XNumericUnderscores
  -XNamedFieldPuns
  -XNamedWildCards
  -XHexFloatLiterals
  -XPatternSignatures
  -XPolyKinds
  -XPolymorphicComponents
  -XPostfixOperators
  -XRank2Types
  -XRankNTypes
  -XRecordPuns
  -XScopedTypeVariables
  -XStandaloneDeriving
  -XStandaloneKindSignatures
  -XTupleSections
  -XTypeApplications
  -XTypeOperators
  -XTypeSynonymInstances
GHCi-specific dynamic flag settings:
other dynamic, non-language, flag settings:
  -fno-diagnostics-show-caret
  -fexternal-dynamic-refs
  -fignore-optim-changes
  -fignore-hpc-changes
  -fno-ghci-history
  -fimplicit-import-qualified
  -fshow-warning-groups
warning settings:
  -Wsemigroup
  -Wstar-is-type
  -Wcompat-unqualified-imports
Should fail, GADTs is not enabled
options currently set: none.
base language is: Haskell2010
with the following modifiers:
  -XBangPatterns
  -XBinaryLiterals
  -XNoCUSKs
  -XConstrainedClassMethods
  -XConstraintKinds
  -XNoDatatypeContexts
  -XDeriveDataTypeable
  -XDeriveFoldable
  -XDeriveFunctor
  -XDeriveGeneric
  -XDeriveLift
  -XDeriveTraversable
  -XEmptyCase
  -XEmptyDataDeriving
  -XExistentialQuantification
  -XExplicitForAll
  -XFlexibleContexts
  -XFlexibleInstances
  -XGADTSyntax
  -XGADTs
  -XGeneralizedNewtypeDeriving
  -XGeneralisedNewtypeDeriving
  -XImportQualifiedPost
  -XInstanceSigs
  -XKindSignatures
  -XMonoLocalBinds
  -XMultiParamTypeClasses
  -XNumericUnderscores
  -XNamedFieldPuns
  -XNamedWildCards
  -XHexFloatLiterals
  -XPatternSignatures
  -XPolyKinds
  -XPolymorphicComponents
  -XPostfixOperators
  -XRank2Types
  -XRankNTypes
  -XRecordPuns
  -XScopedTypeVariables
  -XStandaloneDeriving
  -XStandaloneKindSignatures
  -XTupleSections
  -XTypeApplications
  -XTypeOperators
  -XTypeSynonymInstances
GHCi-specific dynamic flag settings:
other dynamic, non-language, flag settings:
  -fno-diagnostics-show-caret
  -fexternal-dynamic-refs
  -fignore-optim-changes
  -fignore-hpc-changes
  -fno-ghci-history
  -fimplicit-import-qualified
  -fshow-warning-groups
warning settings:
  -Wsemigroup
  -Wstar-is-type
  -Wcompat-unqualified-imports
Should work, GADTs is in force from :set
options currently set: none.
base language is: Haskell2010
with the following modifiers:
  -XBangPatterns
  -XBinaryLiterals
  -XNoCUSKs
  -XConstrainedClassMethods
  -XConstraintKinds
  -XNoDatatypeContexts
  -XDeriveDataTypeable
  -XDeriveFoldable
  -XDeriveFunctor
  -XDeriveGeneric
  -XDeriveLift
  -XDeriveTraversable
  -XEmptyCase
  -XEmptyDataDeriving
  -XExistentialQuantification
  -XExplicitForAll
  -XFlexibleContexts
  -XFlexibleInstances
  -XGADTSyntax
  -XGeneralizedNewtypeDeriving
  -XGeneralisedNewtypeDeriving
  -XImportQualifiedPost
  -XInstanceSigs
  -XKindSignatures
  -XMonoLocalBinds
  -XMultiParamTypeClasses
  -XNumericUnderscores
  -XNamedFieldPuns
  -XNamedWildCards
  -XHexFloatLiterals
  -XPatternSignatures
  -XPolyKinds
  -XPolymorphicComponents
  -XPostfixOperators
  -XRank2Types
  -XRankNTypes
  -XRecordPuns
  -XScopedTypeVariables
  -XStandaloneDeriving
  -XStandaloneKindSignatures
  -XTupleSections
  -XTypeApplications
  -XTypeOperators
  -XTypeSynonymInstances
GHCi-specific dynamic flag settings:
other dynamic, non-language, flag settings:
  -fno-diagnostics-show-caret
  -fexternal-dynamic-refs
  -fignore-optim-changes
  -fignore-hpc-changes
  -fno-ghci-history
  -fimplicit-import-qualified
  -fshow-warning-groups
warning settings:
  -Wsemigroup
  -Wstar-is-type
  -Wcompat-unqualified-imports
Should fail, GADTs is now disabled
base language is: Haskell2010
with the following modifiers:
  -XNoDatatypeContexts
  -XExtendedDefaultRules
  -XGADTSyntax
  -XGADTs
  -XMonoLocalBinds
  -XNoMonomorphismRestriction
  -XNondecreasingIndentation
GHCi-specific dynamic flag settings:
other dynamic, non-language, flag settings:
  -fno-diagnostics-show-caret
  -fexternal-dynamic-refs
  -fignore-optim-changes
  -fignore-hpc-changes
  -fno-ghci-history
  -fimplicit-import-qualified
  -fshow-warning-groups
warning settings:
  -Wsemigroup
  -Wstar-is-type
  -Wcompat-unqualified-imports
Should fail, GADTs is only enabled at the prompt
C :: T Int
