[
( <no location info> =
[(Anchor CommentsTest.hs:11:1-33 UnchangedAnchor,AnnComment {ac_tok = AnnDocCommentNext " The function @foo@ does blah", ac_prior_tok = SrcSpanOneLine "./CommentsTest.hs" 9 31 33}),

(Anchor CommentsTest.hs:(3,1)-(7,2) UnchangedAnchor,AnnComment {ac_tok = AnnBlockComment "{-\nAn opening comment\n  {- with a nested one -}\n  {-# nested PRAGMA #-}\n-}", ac_prior_tok = SrcSpanOneLine "./CommentsTest.hs" 2 27 32}),

(Anchor CommentsTest.hs:1:1-31 UnchangedAnchor,AnnComment {ac_tok = AnnBlockComment "{-# LANGUAGE DeriveFoldable #-}", ac_prior_tok = SrcSpanPoint "./CommentsTest.hs" 1 1})])
]

[
( <no location info> =
[(Anchor CommentsTest.hs:11:1-33 UnchangedAnchor,AnnComment {ac_tok = AnnLineComment "-- | The function @foo@ does blah", ac_prior_tok = SrcSpanOneLine "./CommentsTest.hs" 9 31 33}),

(Anchor CommentsTest.hs:(3,1)-(7,2) UnchangedAnchor,AnnComment {ac_tok = AnnBlockComment "{-\nAn opening comment\n  {- with a nested one -}\n  {-# nested PRAGMA #-}\n-}", ac_prior_tok = SrcSpanOneLine "./CommentsTest.hs" 2 27 32}),

(Anchor CommentsTest.hs:1:1-31 UnchangedAnchor,AnnComment {ac_tok = AnnBlockComment "{-# LANGUAGE DeriveFoldable #-}", ac_prior_tok = SrcSpanPoint "./CommentsTest.hs" 1 1})])
]
