
SafeFlags28.hs:1:17: error:
    unknown flag in  {-# OPTIONS_GHC #-} pragma: -trust

SafeFlags28.hs:1:24: error:
    unknown flag in  {-# OPTIONS_GHC #-} pragma: base,

SafeFlags28.hs:1:30: error:
    unknown flag in  {-# OPTIONS_GHC #-} pragma: -trust

SafeFlags28.hs:1:37: error:
    unknown flag in  {-# OPTIONS_GHC #-} pragma: bytestring
