 RecordDotSyntaxFail0.hs:3:12:
    Use of OverloadedRecordDot `.' not valid
