
T17162.hs:7:21: error:
    Illegal bang-pattern (use BangPatterns):
    !enc
