
==================== Cpr signatures ====================
T19822.singleton: m1


