[1 of 2] Compiling B                ( b/B.hs, b/B.o )[b]
[2 of 2] Compiling P                ( package-imports/P.hs, package-imports/P.o )[p]
