
mod182.hs:6:16: error:
    Found ‘qualified’ in postpositive position. 
    To allow this, enable language extension 'ImportQualifiedPost'
