o = O (_t1::a0)
()
_t1 :: SafeList Bool NonEmpty
o = O (One False (_t3::SafeList Bool Empty))
