Restarting eventlog...
failed to start eventlog
init
Event log started with EVENT_HEADER_BEGIN
write
write
write
write
stop
init
Event log started with EVENT_HEADER_BEGIN
write
write
write
write
stop
init
Event log started with EVENT_HEADER_BEGIN
write
write
write
write
stop
init
Event log started with EVENT_HEADER_BEGIN
write
write
write
write
stop
init
Event log started with EVENT_HEADER_BEGIN
write
write
write
write
stop
init
Event log started with EVENT_HEADER_BEGIN
write
write
write
write
stop
init
Event log started with EVENT_HEADER_BEGIN
write
write
write
write
stop
init
Event log started with EVENT_HEADER_BEGIN
write
write
write
write
stop
init
Event log started with EVENT_HEADER_BEGIN
write
write
write
write
stop
