
TypeDirectedComplete.hs:45:1: warning: [-Wincomplete-patterns (in -Wextra)]
    Pattern match(es) are non-exhaustive
    In an equation for ‘baz’:
        Patterns of type ‘[a]’ not matched: Cons _ _
