
==================== Demand analysis ====================
Result size of Demand analysis
  = {terms: 177, types: 95, coercions: 0, joins: 0/0}

-- RHS size: {terms: 1, types: 0, coercions: 0, joins: 0/0}
$trModule :: GHC.Prim.Addr#
[LclId,
 Unf=Unf{Src=<vanilla>, TopLvl=True, Value=True, ConLike=True,
         WorkFree=True, Expandable=True, Guidance=IF_ARGS [] 20 0}]
$trModule = "main"#

-- RHS size: {terms: 2, types: 0, coercions: 0, joins: 0/0}
$trModule :: GHC.Types.TrName
[LclId,
 Unf=Unf{Src=<vanilla>, TopLvl=True, Value=True, ConLike=True,
         WorkFree=True, Expandable=True, Guidance=IF_ARGS [] 10 10}]
$trModule = GHC.Types.TrNameS $trModule

-- RHS size: {terms: 1, types: 0, coercions: 0, joins: 0/0}
$trModule :: GHC.Prim.Addr#
[LclId,
 Unf=Unf{Src=<vanilla>, TopLvl=True, Value=True, ConLike=True,
         WorkFree=True, Expandable=True, Guidance=IF_ARGS [] 30 0}]
$trModule = "T18894"#

-- RHS size: {terms: 2, types: 0, coercions: 0, joins: 0/0}
$trModule :: GHC.Types.TrName
[LclId,
 Unf=Unf{Src=<vanilla>, TopLvl=True, Value=True, ConLike=True,
         WorkFree=True, Expandable=True, Guidance=IF_ARGS [] 10 10}]
$trModule = GHC.Types.TrNameS $trModule

-- RHS size: {terms: 3, types: 0, coercions: 0, joins: 0/0}
T18894.$trModule :: GHC.Types.Module
[LclIdX,
 Unf=Unf{Src=<vanilla>, TopLvl=True, Value=True, ConLike=True,
         WorkFree=True, Expandable=True, Guidance=IF_ARGS [] 10 10}]
T18894.$trModule = GHC.Types.Module $trModule $trModule

-- RHS size: {terms: 2, types: 0, coercions: 0, joins: 0/0}
lvl :: Int
[LclId,
 Unf=Unf{Src=<vanilla>, TopLvl=True, Value=True, ConLike=True,
         WorkFree=True, Expandable=True, Guidance=IF_ARGS [] 10 10}]
lvl = GHC.Types.I# 0#

-- RHS size: {terms: 36, types: 15, coercions: 0, joins: 0/0}
g2 [InlPrag=NOINLINE, Dmd=LCL(C1(P(MP(L),1P(L))))]
  :: Int -> Int -> (Int, Int)
[LclId,
 Arity=2,
 Str=<LP(L)><1P(1L)>,
 Unf=Unf{Src=<vanilla>, TopLvl=True, Value=True, ConLike=True,
         WorkFree=True, Expandable=True, Guidance=IF_ARGS [20 20] 161 20}]
g2
  = \ (m [Dmd=LP(L)] :: Int) (ds [Dmd=1P(1L)] :: Int) ->
      case ds of { GHC.Types.I# ds [Dmd=1L] ->
      case ds of ds [Dmd=ML] {
        __DEFAULT ->
          (case m of { GHC.Types.I# y -> GHC.Types.I# (GHC.Prim.*# 2# y) },
           case ds of wild {
             __DEFAULT ->
               case GHC.Classes.divInt# 2# wild of ww4 { __DEFAULT ->
               GHC.Types.I# ww4
               };
             -1# -> GHC.Types.I# -2#;
             0# -> case GHC.Real.divZeroError of wild [Dmd=B] { }
           });
        1# -> (m, lvl)
      }
      }

-- RHS size: {terms: 2, types: 0, coercions: 0, joins: 0/0}
lvl :: Int
[LclId,
 Unf=Unf{Src=<vanilla>, TopLvl=True, Value=True, ConLike=True,
         WorkFree=True, Expandable=True, Guidance=IF_ARGS [] 10 10}]
lvl = GHC.Types.I# 2#

-- RHS size: {terms: 2, types: 0, coercions: 0, joins: 0/0}
lvl :: Int
[LclId,
 Unf=Unf{Src=<vanilla>, TopLvl=True, Value=True, ConLike=True,
         WorkFree=True, Expandable=True, Guidance=IF_ARGS [] 10 10}]
lvl = GHC.Types.I# 2#

-- RHS size: {terms: 2, types: 0, coercions: 0, joins: 0/0}
lvl :: Int
[LclId,
 Unf=Unf{Src=<vanilla>, TopLvl=True, Value=True, ConLike=True,
         WorkFree=True, Expandable=True, Guidance=IF_ARGS [] 10 10}]
lvl = GHC.Types.I# 0#

-- RHS size: {terms: 36, types: 19, coercions: 0, joins: 0/0}
h2 :: Int -> Int
[LclIdX,
 Arity=1,
 Str=<1P(SL)>,
 Unf=Unf{Src=<vanilla>, TopLvl=True, Value=True, ConLike=True,
         WorkFree=True, Expandable=True, Guidance=IF_ARGS [20] 162 10}]
h2
  = \ (ds [Dmd=1P(SL)] :: Int) ->
      case ds of wild [Dmd=LP(L)] { GHC.Types.I# ds [Dmd=SL] ->
      case ds of ds {
        __DEFAULT ->
          case GHC.Prim.remInt# ds 2# of {
            __DEFAULT ->
              case g2 wild lvl of { (ds1 [Dmd=A], y [Dmd=1L]) -> y };
            0# ->
              case g2 lvl wild of { (x [Dmd=1P(L)], ds [Dmd=1P(L)]) ->
              case x of { GHC.Types.I# x ->
              case ds of { GHC.Types.I# y -> GHC.Types.I# (GHC.Prim.+# x y) }
              }
              }
          };
        1# -> lvl
      }
      }

-- RHS size: {terms: 2, types: 0, coercions: 0, joins: 0/0}
lvl :: Int
[LclId,
 Unf=Unf{Src=<vanilla>, TopLvl=True, Value=True, ConLike=True,
         WorkFree=True, Expandable=True, Guidance=IF_ARGS [] 10 10}]
lvl = GHC.Types.I# 15#

-- RHS size: {terms: 2, types: 0, coercions: 0, joins: 0/0}
lvl :: Int
[LclId,
 Unf=Unf{Src=<vanilla>, TopLvl=True, Value=True, ConLike=True,
         WorkFree=True, Expandable=True, Guidance=IF_ARGS [] 10 10}]
lvl = GHC.Types.I# 0#

-- RHS size: {terms: 3, types: 2, coercions: 0, joins: 0/0}
lvl :: (Int, Int)
[LclId,
 Unf=Unf{Src=<vanilla>, TopLvl=True, Value=True, ConLike=True,
         WorkFree=True, Expandable=True, Guidance=IF_ARGS [] 10 10}]
lvl = (lvl, lvl)

-- RHS size: {terms: 30, types: 10, coercions: 0, joins: 0/0}
g1 [InlPrag=NOINLINE, Dmd=LCL(P(LP(L),LP(L)))] :: Int -> (Int, Int)
[LclId,
 Arity=1,
 Str=<1P(1L)>,
 Unf=Unf{Src=<vanilla>, TopLvl=True, Value=True, ConLike=True,
         WorkFree=True, Expandable=True, Guidance=IF_ARGS [20] 141 10}]
g1
  = \ (ds [Dmd=1P(1L)] :: Int) ->
      case ds of { GHC.Types.I# ds [Dmd=1L] ->
      case ds of ds {
        __DEFAULT ->
          (GHC.Types.I# (GHC.Prim.*# 2# ds),
           case ds of wild {
             __DEFAULT ->
               case GHC.Classes.divInt# 2# wild of ww4 { __DEFAULT ->
               GHC.Types.I# ww4
               };
             -1# -> GHC.Types.I# -2#;
             0# -> case GHC.Real.divZeroError of wild [Dmd=B] { }
           });
        1# -> lvl
      }
      }

-- RHS size: {terms: 2, types: 0, coercions: 0, joins: 0/0}
lvl :: Int
[LclId,
 Unf=Unf{Src=<vanilla>, TopLvl=True, Value=True, ConLike=True,
         WorkFree=True, Expandable=True, Guidance=IF_ARGS [] 10 10}]
lvl = GHC.Types.I# 0#

-- RHS size: {terms: 3, types: 0, coercions: 0, joins: 0/0}
lvl :: (Int, Int)
[LclId,
 Unf=Unf{Src=<vanilla>, TopLvl=True, Value=False, ConLike=False,
         WorkFree=False, Expandable=False, Guidance=IF_ARGS [] 30 0}]
lvl = g1 (GHC.Types.I# 2#)

-- RHS size: {terms: 28, types: 18, coercions: 0, joins: 0/0}
h1 :: Int -> Int
[LclIdX,
 Arity=1,
 Str=<1P(SL)>,
 Unf=Unf{Src=<vanilla>, TopLvl=True, Value=True, ConLike=True,
         WorkFree=True, Expandable=True, Guidance=IF_ARGS [20] 111 10}]
h1
  = \ (ds [Dmd=1P(SL)] :: Int) ->
      case ds of wild [Dmd=MP(ML)] { GHC.Types.I# ds [Dmd=SL] ->
      case ds of {
        __DEFAULT ->
          case g1 wild of { (x [Dmd=1P(L)], ds [Dmd=1P(L)]) ->
          case x of { GHC.Types.I# x ->
          case ds of { GHC.Types.I# y -> GHC.Types.I# (GHC.Prim.+# x y) }
          }
          };
        1# -> lvl;
        2# -> case lvl of { (ds1 [Dmd=A], y [Dmd=1L]) -> y }
      }
      }




==================== Demand analysis ====================
Result size of Demand analysis
  = {terms: 171, types: 118, coercions: 0, joins: 0/0}

-- RHS size: {terms: 1, types: 0, coercions: 0, joins: 0/0}
$trModule :: GHC.Prim.Addr#
[LclId,
 Unf=Unf{Src=<vanilla>, TopLvl=True, Value=True, ConLike=True,
         WorkFree=True, Expandable=True, Guidance=IF_ARGS [] 20 0}]
$trModule = "main"#

-- RHS size: {terms: 2, types: 0, coercions: 0, joins: 0/0}
$trModule :: GHC.Types.TrName
[LclId,
 Unf=Unf{Src=<vanilla>, TopLvl=True, Value=True, ConLike=True,
         WorkFree=True, Expandable=True, Guidance=IF_ARGS [] 10 10}]
$trModule = GHC.Types.TrNameS $trModule

-- RHS size: {terms: 1, types: 0, coercions: 0, joins: 0/0}
$trModule :: GHC.Prim.Addr#
[LclId,
 Unf=Unf{Src=<vanilla>, TopLvl=True, Value=True, ConLike=True,
         WorkFree=True, Expandable=True, Guidance=IF_ARGS [] 30 0}]
$trModule = "T18894"#

-- RHS size: {terms: 2, types: 0, coercions: 0, joins: 0/0}
$trModule :: GHC.Types.TrName
[LclId,
 Unf=Unf{Src=<vanilla>, TopLvl=True, Value=True, ConLike=True,
         WorkFree=True, Expandable=True, Guidance=IF_ARGS [] 10 10}]
$trModule = GHC.Types.TrNameS $trModule

-- RHS size: {terms: 3, types: 0, coercions: 0, joins: 0/0}
T18894.$trModule :: GHC.Types.Module
[LclIdX,
 Unf=Unf{Src=<vanilla>, TopLvl=True, Value=True, ConLike=True,
         WorkFree=True, Expandable=True, Guidance=IF_ARGS [] 10 10}]
T18894.$trModule = GHC.Types.Module $trModule $trModule

-- RHS size: {terms: 2, types: 0, coercions: 0, joins: 0/0}
lvl :: Int
[LclId,
 Unf=Unf{Src=<vanilla>, TopLvl=True, Value=True, ConLike=True,
         WorkFree=True, Expandable=True, Guidance=IF_ARGS [] 10 10}]
lvl = GHC.Types.I# 0#

-- RHS size: {terms: 2, types: 0, coercions: 0, joins: 0/0}
lvl :: Int
[LclId,
 Unf=Unf{Src=<vanilla>, TopLvl=True, Value=True, ConLike=True,
         WorkFree=True, Expandable=True, Guidance=IF_ARGS [] 10 10}]
lvl = GHC.Types.I# -2#

-- RHS size: {terms: 32, types: 17, coercions: 0, joins: 0/0}
$wg2 [InlPrag=NOINLINE, Dmd=LCL(C1(P(MP(L),1P(L))))]
  :: Int -> GHC.Prim.Int# -> (# Int, Int #)
[LclId,
 Arity=2,
 Str=<LP(L)><1L>,
 Unf=Unf{Src=<vanilla>, TopLvl=True, Value=True, ConLike=True,
         WorkFree=True, Expandable=True, Guidance=IF_ARGS [20 30] 121 20}]
$wg2
  = \ (w [Dmd=LP(L)] :: Int) (ww [Dmd=1L] :: GHC.Prim.Int#) ->
      case ww of ds {
        __DEFAULT ->
          (# case w of { GHC.Types.I# y -> GHC.Types.I# (GHC.Prim.*# 2# y) },
             case ds of {
               __DEFAULT ->
                 case GHC.Classes.divInt# 2# ds of ww4 { __DEFAULT ->
                 GHC.Types.I# ww4
                 };
               -1# -> lvl;
               0# -> case GHC.Real.divZeroError of wild [Dmd=B] { }
             } #);
        1# -> (# w, lvl #)
      }

-- RHS size: {terms: 2, types: 0, coercions: 0, joins: 0/0}
lvl :: Int
[LclId,
 Unf=Unf{Src=<vanilla>, TopLvl=True, Value=True, ConLike=True,
         WorkFree=True, Expandable=True, Guidance=IF_ARGS [] 10 10}]
lvl = GHC.Types.I# 2#

-- RHS size: {terms: 34, types: 21, coercions: 0, joins: 0/0}
$wh2 [InlPrag=[2]] :: GHC.Prim.Int# -> Int
[LclId,
 Arity=1,
 Str=<1L>,
 Unf=Unf{Src=<vanilla>, TopLvl=True, Value=True, ConLike=True,
         WorkFree=True, Expandable=True, Guidance=IF_ARGS [30] 162 10}]
$wh2
  = \ (ww [Dmd=1L] :: GHC.Prim.Int#) ->
      case ww of ds {
        __DEFAULT ->
          case GHC.Prim.remInt# ds 2# of {
            __DEFAULT ->
              case $wg2 (GHC.Types.I# ds) 2# of
              { (# ww [Dmd=A], ww [Dmd=1L] #) ->
              ww
              };
            0# ->
              case $wg2 lvl ds of { (# ww [Dmd=1P(L)], ww [Dmd=1P(L)] #) ->
              case ww of { GHC.Types.I# x ->
              case ww of { GHC.Types.I# y -> GHC.Types.I# (GHC.Prim.+# x y) }
              }
              }
          };
        1# -> lvl
      }

-- RHS size: {terms: 6, types: 3, coercions: 0, joins: 0/0}
h2 [InlPrag=[2]] :: Int -> Int
[LclIdX,
 Arity=1,
 Str=<1P(1L)>,
 Unf=Unf{Src=InlineStable, TopLvl=True, Value=True, ConLike=True,
         WorkFree=True, Expandable=True,
         Guidance=ALWAYS_IF(arity=1,unsat_ok=True,boring_ok=False)
         Tmpl= \ (w [Occ=Once1!, Dmd=1P(SL)] :: Int) ->
                 case w of { GHC.Types.I# ww [Occ=Once1, Dmd=SL] -> $wh2 ww }}]
h2
  = \ (w [Dmd=1P(1L)] :: Int) ->
      case w of { GHC.Types.I# ww [Dmd=1L] -> $wh2 ww }

-- RHS size: {terms: 2, types: 0, coercions: 0, joins: 0/0}
lvl :: Int
[LclId,
 Unf=Unf{Src=<vanilla>, TopLvl=True, Value=True, ConLike=True,
         WorkFree=True, Expandable=True, Guidance=IF_ARGS [] 10 10}]
lvl = GHC.Types.I# 15#

-- RHS size: {terms: 28, types: 14, coercions: 0, joins: 0/0}
$wg1 [InlPrag=NOINLINE, Dmd=LCL(P(LP(L),LP(L)))]
  :: GHC.Prim.Int# -> (# Int, Int #)
[LclId,
 Arity=1,
 Str=<1L>,
 Unf=Unf{Src=<vanilla>, TopLvl=True, Value=True, ConLike=True,
         WorkFree=True, Expandable=True, Guidance=IF_ARGS [30] 111 20}]
$wg1
  = \ (ww [Dmd=1L] :: GHC.Prim.Int#) ->
      case ww of ds {
        __DEFAULT ->
          (# GHC.Types.I# (GHC.Prim.*# 2# ds),
             case ds of {
               __DEFAULT ->
                 case GHC.Classes.divInt# 2# ds of ww4 { __DEFAULT ->
                 GHC.Types.I# ww4
                 };
               -1# -> lvl;
               0# -> case GHC.Real.divZeroError of wild [Dmd=B] { }
             } #);
        1# -> (# lvl, lvl #)
      }

-- RHS size: {terms: 7, types: 9, coercions: 0, joins: 0/0}
lvl :: (Int, Int)
[LclId,
 Unf=Unf{Src=<vanilla>, TopLvl=True, Value=False, ConLike=False,
         WorkFree=False, Expandable=False, Guidance=IF_ARGS [] 40 10}]
lvl = case $wg1 2# of { (# ww, ww #) -> (ww, ww) }

-- RHS size: {terms: 25, types: 18, coercions: 0, joins: 0/0}
$wh1 [InlPrag=[2]] :: GHC.Prim.Int# -> Int
[LclId,
 Arity=1,
 Str=<1L>,
 Unf=Unf{Src=<vanilla>, TopLvl=True, Value=True, ConLike=True,
         WorkFree=True, Expandable=True, Guidance=IF_ARGS [50] 101 10}]
$wh1
  = \ (ww [Dmd=1L] :: GHC.Prim.Int#) ->
      case ww of ds [Dmd=ML] {
        __DEFAULT ->
          case $wg1 ds of { (# ww [Dmd=1P(L)], ww [Dmd=1P(L)] #) ->
          case ww of { GHC.Types.I# x ->
          case ww of { GHC.Types.I# y -> GHC.Types.I# (GHC.Prim.+# x y) }
          }
          };
        1# -> lvl;
        2# -> case lvl of { (ds1 [Dmd=A], y [Dmd=1L]) -> y }
      }

-- RHS size: {terms: 6, types: 3, coercions: 0, joins: 0/0}
h1 [InlPrag=[2]] :: Int -> Int
[LclIdX,
 Arity=1,
 Str=<1P(1L)>,
 Unf=Unf{Src=InlineStable, TopLvl=True, Value=True, ConLike=True,
         WorkFree=True, Expandable=True,
         Guidance=ALWAYS_IF(arity=1,unsat_ok=True,boring_ok=False)
         Tmpl= \ (w [Occ=Once1!, Dmd=1P(SL)] :: Int) ->
                 case w of { GHC.Types.I# ww [Occ=Once1, Dmd=SL] -> $wh1 ww }}]
h1
  = \ (w [Dmd=1P(1L)] :: Int) ->
      case w of { GHC.Types.I# ww [Dmd=1L] -> $wh1 ww }



