
==================== Strictness signatures ====================
BottomFromInnerLambda.$trModule:
BottomFromInnerLambda.expensive: <1P(SL)>
BottomFromInnerLambda.f: <1P(SL)>



==================== Cpr signatures ====================
BottomFromInnerLambda.$trModule:
BottomFromInnerLambda.expensive: 1
BottomFromInnerLambda.f:



==================== Strictness signatures ====================
BottomFromInnerLambda.$trModule:
BottomFromInnerLambda.expensive: <1P(1L)>
BottomFromInnerLambda.f: <1P(1L)>


