
==================== Strictness signatures ====================
T12370.$trModule:
T12370.bar: <1P(L)><1P(L)>
T12370.foo: <1P(1P(L),1P(L))>



==================== Cpr signatures ====================
T12370.$trModule:
T12370.bar: 1
T12370.foo: 1



==================== Strictness signatures ====================
T12370.$trModule:
T12370.bar: <1P(L)><1P(L)>
T12370.foo: <1P(1P(L),1P(L))>


