
==================== Strictness signatures ====================
T18086.$trModule:
T18086.m: <L>x
T18086.panic: <L>x



==================== Cpr signatures ====================
T18086.$trModule:
T18086.m: b
T18086.panic:



==================== Strictness signatures ====================
T18086.$trModule:
T18086.m: <L>x
T18086.panic: <L>x


