
==================== Strictness signatures ====================
T5075.$trModule:
T5075.loop: <MP(A,A,MCM(CS(U)),A,A,A,A,A)><UP(A,A,UCU(CS(U)),A,A,A,U)><U>



==================== Cpr signatures ====================
T5075.$trModule:
T5075.loop:



==================== Strictness signatures ====================
T5075.$trModule:
T5075.loop: <SP(A,A,MCM(CS(U)),A,A,A,A,A)><UP(A,A,UCU(CS(U)),A,A,A,U)><U>


