
==================== Strictness signatures ====================
Foo.$trModule:
Foo.f: <1P(1L)><1P(L)><1P(L)>
Foo.g: <1P(1P(L),1P(L))>



==================== Cpr signatures ====================
Foo.$trModule:
Foo.f: m1
Foo.g: m1



==================== Strictness signatures ====================
Foo.$trModule:
Foo.f: <1P(1L)><1P(L)><1P(L)>
Foo.g: <1P(1P(L),1P(L))>


