
==================== Tidy Core ====================
Result size of Tidy Core = {terms: 120, types: 67, coercions: 4, joins: 0/5}

-- RHS size: {terms: 2, types: 0, coercions: 0, joins: 0/0}
F11.fib1 :: Integer
[GblId, Unf=Unf{Src=<vanilla>, TopLvl=True, Value=True, ConLike=True, WorkFree=True, Expandable=True, Guidance=IF_ARGS [] 10 10}]
F11.fib1 = GHC.Num.Integer.IS 0#

-- RHS size: {terms: 2, types: 0, coercions: 0, joins: 0/0}
F11.fib3 :: Integer
[GblId, Unf=Unf{Src=<vanilla>, TopLvl=True, Value=True, ConLike=True, WorkFree=True, Expandable=True, Guidance=IF_ARGS [] 10 10}]
F11.fib3 = GHC.Num.Integer.IS 1#

-- RHS size: {terms: 2, types: 0, coercions: 0, joins: 0/0}
F11.fib2 :: Integer
[GblId, Unf=Unf{Src=<vanilla>, TopLvl=True, Value=True, ConLike=True, WorkFree=True, Expandable=True, Guidance=IF_ARGS [] 10 10}]
F11.fib2 = GHC.Num.Integer.IS 2#

Rec {
-- RHS size: {terms: 24, types: 3, coercions: 0, joins: 0/0}
F11.f11_fib [Occ=LoopBreaker] :: Integer -> Integer
[GblId, Arity=1, Str=<SL>, Unf=OtherCon []]
F11.f11_fib
  = \ (ds :: Integer) ->
      case GHC.Num.Integer.integerEq# ds F11.fib1 of {
        __DEFAULT ->
          case GHC.Num.Integer.integerEq# ds F11.fib3 of {
            __DEFAULT -> GHC.Num.Integer.integerAdd (F11.f11_fib (GHC.Num.Integer.integerSub ds F11.fib3)) (F11.f11_fib (GHC.Num.Integer.integerSub ds F11.fib2));
            1# -> F11.fib3
          };
        1# -> F11.fib3
      }
end Rec }

-- RHS size: {terms: 52, types: 26, coercions: 4, joins: 0/5}
fib :: forall {t} {a}. (Eq t, Num t, Num a) => t -> a
[GblId, Arity=4, Str=<SCS(C1(L))><LP(A,LCL(C1(L)),A,A,A,A,L)><LP(LCL(C1(L)),A,A,A,A,A,MCM(L))><L>, Unf=Unf{Src=<vanilla>, TopLvl=True, Value=True, ConLike=True, WorkFree=True, Expandable=True, Guidance=IF_ARGS [120 150 60 0] 460 0}]
fib
  = \ (@t) (@a) ($dEq :: Eq t) ($dNum :: Num t) ($dNum1 :: Num a) (eta :: t) ->
      let {
        lvl :: t
        [LclId]
        lvl = fromInteger @t $dNum F11.fib3 } in
      let {
        lvl1 :: t
        [LclId]
        lvl1 = fromInteger @t $dNum F11.fib2 } in
      let {
        lvl2 :: a
        [LclId]
        lvl2 = fromInteger @a $dNum1 F11.fib3 } in
      let {
        lvl3 :: t
        [LclId]
        lvl3 = fromInteger @t $dNum F11.fib1 } in
      letrec {
        fib4 [Occ=LoopBreaker, Dmd=SCS(L)] :: t -> a
        [LclId, Arity=1, Str=<L>, Unf=OtherCon []]
        fib4
          = \ (ds :: t) ->
              case ($dEq `cast` (GHC.Classes.N:Eq[0] <t>_N :: Eq t ~R# (t -> t -> Bool))) ds lvl3 of {
                False ->
                  case ($dEq `cast` (GHC.Classes.N:Eq[0] <t>_N :: Eq t ~R# (t -> t -> Bool))) ds lvl of {
                    False -> + @a $dNum1 (fib4 (- @t $dNum ds lvl)) (fib4 (- @t $dNum ds lvl1));
                    True -> lvl2
                  };
                True -> lvl2
              }; } in
      fib4 eta

-- RHS size: {terms: 2, types: 0, coercions: 0, joins: 0/0}
F11.f3 :: Integer
[GblId, Unf=Unf{Src=<vanilla>, TopLvl=True, Value=True, ConLike=True, WorkFree=True, Expandable=True, Guidance=IF_ARGS [] 10 10}]
F11.f3 = GHC.Num.Integer.IS 1000#

-- RHS size: {terms: 2, types: 0, coercions: 0, joins: 0/0}
F11.f11_x :: Integer
[GblId, Unf=Unf{Src=<vanilla>, TopLvl=True, Value=False, ConLike=False, WorkFree=False, Expandable=False, Guidance=IF_ARGS [] 20 0}]
F11.f11_x = F11.f11_fib F11.f3

-- RHS size: {terms: 4, types: 1, coercions: 0, joins: 0/0}
F11.f11f1 :: Integer -> Integer
[GblId, Arity=1, Str=<SL>, Unf=Unf{Src=<vanilla>, TopLvl=True, Value=True, ConLike=True, WorkFree=True, Expandable=True, Guidance=IF_ARGS [0] 30 0}]
F11.f11f1 = \ (y :: Integer) -> GHC.Num.Integer.integerAdd F11.f11_x y

-- RHS size: {terms: 3, types: 3, coercions: 0, joins: 0/0}
f11f :: forall {p}. p -> Integer -> Integer
[GblId, Arity=2, Str=<A><SL>, Unf=Unf{Src=<vanilla>, TopLvl=True, Value=True, ConLike=True, WorkFree=True, Expandable=True, Guidance=ALWAYS_IF(arity=1,unsat_ok=True,boring_ok=True)}]
f11f = \ (@p) _ [Occ=Dead] -> F11.f11f1

-- RHS size: {terms: 2, types: 0, coercions: 0, joins: 0/0}
F11.f5 :: Integer
[GblId, Unf=Unf{Src=<vanilla>, TopLvl=True, Value=True, ConLike=True, WorkFree=True, Expandable=True, Guidance=IF_ARGS [] 10 10}]
F11.f5 = GHC.Num.Integer.IS 6#

-- RHS size: {terms: 3, types: 0, coercions: 0, joins: 0/0}
F11.f4 :: Integer
[GblId, Unf=Unf{Src=<vanilla>, TopLvl=True, Value=False, ConLike=False, WorkFree=False, Expandable=False, Guidance=IF_ARGS [] 30 0}]
F11.f4 = GHC.Num.Integer.integerAdd F11.f11_x F11.f5

-- RHS size: {terms: 2, types: 0, coercions: 0, joins: 0/0}
F11.f2 :: Integer
[GblId, Unf=Unf{Src=<vanilla>, TopLvl=True, Value=True, ConLike=True, WorkFree=True, Expandable=True, Guidance=IF_ARGS [] 10 10}]
F11.f2 = GHC.Num.Integer.IS 8#

-- RHS size: {terms: 3, types: 0, coercions: 0, joins: 0/0}
F11.f1 :: Integer
[GblId, Unf=Unf{Src=<vanilla>, TopLvl=True, Value=False, ConLike=False, WorkFree=False, Expandable=False, Guidance=IF_ARGS [] 30 0}]
F11.f1 = GHC.Num.Integer.integerAdd F11.f11_x F11.f2

-- RHS size: {terms: 3, types: 2, coercions: 0, joins: 0/0}
f11 :: (Integer, Integer)
[GblId, Unf=Unf{Src=<vanilla>, TopLvl=True, Value=True, ConLike=True, WorkFree=True, Expandable=True, Guidance=IF_ARGS [] 10 10}]
f11 = (F11.f4, F11.f1)



