
T18834b.hs:5:10: warning: [-Woperator-whitespace]
    The suffix use of a ‘+’ might be repurposed as special syntax
      by a future language extension.
    Suggested fix: Add a whitespace around it.

T18834b.hs:6:11: warning: [-Woperator-whitespace]
    The prefix use of a ‘+’ might be repurposed as special syntax
      by a future language extension.
    Suggested fix: Add a whitespace around it.

T18834b.hs:7:10: warning: [-Woperator-whitespace]
    The tight infix use of a ‘+’ might be repurposed as special syntax
      by a future language extension.
    Suggested fix: Add a whitespace around it.
