0
1
2
3
4
(284)suzanne/robert
(284)suzanne/robert
(284)suzanne/robert
(284)suzanne/robert
(284)suzanne/robert
(284)suzanne/robert
(284)suzanne/robert
(284)suzanne/robert
(284)suzanne/robert
(284)suzanne/robert
(284)suzanne/robert
(284)suzanne/robert
(284)suzanne/robert
(284)suzanne/robert
(284)suzanne/robert
(284)suzanne/robert
